E:/claude_work/Wireless_Charge_Full/Wireless_Charge_v1/Wireless_Charge/Core/Src/qi.c:33:12:Qi_GetState	4	static
E:/claude_work/Wireless_Charge_Full/Wireless_Charge_v1/Wireless_Charge/Core/Src/qi.c:34:12:Qi_GetBestDuty	4	static
E:/claude_work/Wireless_Charge_Full/Wireless_Charge_v1/Wireless_Charge/Core/Src/qi.c:39:17:samplePower	8	static
E:/claude_work/Wireless_Charge_Full/Wireless_Charge_v1/Wireless_Charge/Core/Src/qi.c:45:16:findBestDuty	24	static
E:/claude_work/Wireless_Charge_Full/Wireless_Charge_v1/Wireless_Charge/Core/Src/qi.c:61:13:powerLoop	16	static
E:/claude_work/Wireless_Charge_Full/Wireless_Charge_v1/Wireless_Charge/Core/Src/qi.c:79:6:Qi_Start	8	static
E:/claude_work/Wireless_Charge_Full/Wireless_Charge_v1/Wireless_Charge/Core/Src/qi.c:94:6:Qi_Process	8	static
E:/claude_work/Wireless_Charge_Full/Wireless_Charge_v1/Wireless_Charge/Core/Src/main.c:126:5:_write	24	static
E:/claude_work/Wireless_Charge_Full/Wireless_Charge_v1/Wireless_Charge/Core/Src/main.c:145:10:ADC_Filter	24	static
E:/claude_work/Wireless_Charge_Full/Wireless_Charge_v1/Wireless_Charge/Core/Src/main.c:160:6:ADC_SampleAll	24	static
E:/claude_work/Wireless_Charge_Full/Wireless_Charge_v1/Wireless_Charge/Core/Src/main.c:187:7:ADC_GetVoltage	24	static
E:/claude_work/Wireless_Charge_Full/Wireless_Charge_v1/Wireless_Charge/Core/Src/main.c:199:7:ADC_GetCurrent	24	static
E:/claude_work/Wireless_Charge_Full/Wireless_Charge_v1/Wireless_Charge/Core/Src/main.c:212:7:ADC_GetTemperature	40	static
E:/claude_work/Wireless_Charge_Full/Wireless_Charge_v1/Wireless_Charge/Core/Src/main.c:230:6:PWM_SetDuty	24	static
E:/claude_work/Wireless_Charge_Full/Wireless_Charge_v1/Wireless_Charge/Core/Src/main.c:242:6:Charge_Start	8	static
E:/claude_work/Wireless_Charge_Full/Wireless_Charge_v1/Wireless_Charge/Core/Src/main.c:254:6:Charge_Stop	8	static
E:/claude_work/Wireless_Charge_Full/Wireless_Charge_v1/Wireless_Charge/Core/Src/main.c:264:6:Charge_UpdatePower	8	static
E:/claude_work/Wireless_Charge_Full/Wireless_Charge_v1/Wireless_Charge/Core/Src/main.c:280:6:LED_SetMode	16	static
E:/claude_work/Wireless_Charge_Full/Wireless_Charge_v1/Wireless_Charge/Core/Src/main.c:319:9:I2C_WriteReg	32	static
E:/claude_work/Wireless_Charge_Full/Wireless_Charge_v1/Wireless_Charge/Core/Src/main.c:331:9:I2C_ReadReg	24	static
E:/claude_work/Wireless_Charge_Full/Wireless_Charge_v1/Wireless_Charge/Core/Src/main.c:349:9:Protection_CheckOVP	8	static
E:/claude_work/Wireless_Charge_Full/Wireless_Charge_v1/Wireless_Charge/Core/Src/main.c:361:9:Protection_CheckOCP	8	static
E:/claude_work/Wireless_Charge_Full/Wireless_Charge_v1/Wireless_Charge/Core/Src/main.c:373:9:Protection_CheckOTP	8	static
E:/claude_work/Wireless_Charge_Full/Wireless_Charge_v1/Wireless_Charge/Core/Src/main.c:386:9:Protection_CheckFOD	8	static
E:/claude_work/Wireless_Charge_Full/Wireless_Charge_v1/Wireless_Charge/Core/Src/main.c:398:6:Protection_HandleError	16	static
E:/claude_work/Wireless_Charge_Full/Wireless_Charge_v1/Wireless_Charge/Core/Src/main.c:425:6:State_Idle	8	static
E:/claude_work/Wireless_Charge_Full/Wireless_Charge_v1/Wireless_Charge/Core/Src/main.c:440:6:State_Detecting	8	static
E:/claude_work/Wireless_Charge_Full/Wireless_Charge_v1/Wireless_Charge/Core/Src/main.c:486:6:State_Charging	48	static
E:/claude_work/Wireless_Charge_Full/Wireless_Charge_v1/Wireless_Charge/Core/Src/main.c:552:6:State_Full	8	static
E:/claude_work/Wireless_Charge_Full/Wireless_Charge_v1/Wireless_Charge/Core/Src/main.c:576:6:State_Error	8	static
E:/claude_work/Wireless_Charge_Full/Wireless_Charge_v1/Wireless_Charge/Core/Src/main.c:593:6:StateMachine_Run	8	static
E:/claude_work/Wireless_Charge_Full/Wireless_Charge_v1/Wireless_Charge/Core/Src/main.c:612:5:main	8	static
E:/claude_work/Wireless_Charge_Full/Wireless_Charge_v1/Wireless_Charge/Core/Src/main.c:648:6:SystemClock_Config	88	static
E:/claude_work/Wireless_Charge_Full/Wireless_Charge_v1/Wireless_Charge/Core/Src/main.c:684:6:HAL_SYSTICK_Callback	4	static
E:/claude_work/Wireless_Charge_Full/Wireless_Charge_v1/Wireless_Charge/Core/Src/main.c:694:6:HAL_GPIO_EXTI_Callback	16	static
E:/claude_work/Wireless_Charge_Full/Wireless_Charge_v1/Wireless_Charge/Core/Src/main.c:708:6:Error_Handler	4	static,ignoring_inline_asm
