E:/claude_work/Wireless_Charge_Full/Wireless_Charge_v1/Wireless_Charge/Core/Src/qi.c:33:12:Qi_GetState	1
E:/claude_work/Wireless_Charge_Full/Wireless_Charge_v1/Wireless_Charge/Core/Src/qi.c:34:12:Qi_GetBestDuty	1
E:/claude_work/Wireless_Charge_Full/Wireless_Charge_v1/Wireless_Charge/Core/Src/qi.c:39:17:samplePower	1
E:/claude_work/Wireless_Charge_Full/Wireless_Charge_v1/Wireless_Charge/Core/Src/qi.c:45:16:findBestDuty	3
E:/claude_work/Wireless_Charge_Full/Wireless_Charge_v1/Wireless_Charge/Core/Src/qi.c:61:13:powerLoop	5
E:/claude_work/Wireless_Charge_Full/Wireless_Charge_v1/Wireless_Charge/Core/Src/qi.c:79:6:Qi_Start	1
E:/claude_work/Wireless_Charge_Full/Wireless_Charge_v1/Wireless_Charge/Core/Src/qi.c:94:6:Qi_Process	9
E:/claude_work/Wireless_Charge_Full/Wireless_Charge_v1/Wireless_Charge/Core/Src/main.c:126:5:_write	1
E:/claude_work/Wireless_Charge_Full/Wireless_Charge_v1/Wireless_Charge/Core/Src/main.c:145:10:ADC_Filter	3
E:/claude_work/Wireless_Charge_Full/Wireless_Charge_v1/Wireless_Charge/Core/Src/main.c:160:6:ADC_SampleAll	1
E:/claude_work/Wireless_Charge_Full/Wireless_Charge_v1/Wireless_Charge/Core/Src/main.c:187:7:ADC_GetVoltage	1
E:/claude_work/Wireless_Charge_Full/Wireless_Charge_v1/Wireless_Charge/Core/Src/main.c:199:7:ADC_GetCurrent	1
E:/claude_work/Wireless_Charge_Full/Wireless_Charge_v1/Wireless_Charge/Core/Src/main.c:212:7:ADC_GetTemperature	3
E:/claude_work/Wireless_Charge_Full/Wireless_Charge_v1/Wireless_Charge/Core/Src/main.c:230:6:PWM_SetDuty	4
E:/claude_work/Wireless_Charge_Full/Wireless_Charge_v1/Wireless_Charge/Core/Src/main.c:242:6:Charge_Start	1
E:/claude_work/Wireless_Charge_Full/Wireless_Charge_v1/Wireless_Charge/Core/Src/main.c:254:6:Charge_Stop	1
E:/claude_work/Wireless_Charge_Full/Wireless_Charge_v1/Wireless_Charge/Core/Src/main.c:264:6:Charge_UpdatePower	4
E:/claude_work/Wireless_Charge_Full/Wireless_Charge_v1/Wireless_Charge/Core/Src/main.c:280:6:LED_SetMode	7
E:/claude_work/Wireless_Charge_Full/Wireless_Charge_v1/Wireless_Charge/Core/Src/main.c:319:9:I2C_WriteReg	2
E:/claude_work/Wireless_Charge_Full/Wireless_Charge_v1/Wireless_Charge/Core/Src/main.c:331:9:I2C_ReadReg	3
E:/claude_work/Wireless_Charge_Full/Wireless_Charge_v1/Wireless_Charge/Core/Src/main.c:349:9:Protection_CheckOVP	2
E:/claude_work/Wireless_Charge_Full/Wireless_Charge_v1/Wireless_Charge/Core/Src/main.c:361:9:Protection_CheckOCP	2
E:/claude_work/Wireless_Charge_Full/Wireless_Charge_v1/Wireless_Charge/Core/Src/main.c:373:9:Protection_CheckOTP	2
E:/claude_work/Wireless_Charge_Full/Wireless_Charge_v1/Wireless_Charge/Core/Src/main.c:386:9:Protection_CheckFOD	3
E:/claude_work/Wireless_Charge_Full/Wireless_Charge_v1/Wireless_Charge/Core/Src/main.c:398:6:Protection_HandleError	1
E:/claude_work/Wireless_Charge_Full/Wireless_Charge_v1/Wireless_Charge/Core/Src/main.c:425:6:State_Idle	2
E:/claude_work/Wireless_Charge_Full/Wireless_Charge_v1/Wireless_Charge/Core/Src/main.c:440:6:State_Detecting	5
E:/claude_work/Wireless_Charge_Full/Wireless_Charge_v1/Wireless_Charge/Core/Src/main.c:486:6:State_Charging	12
E:/claude_work/Wireless_Charge_Full/Wireless_Charge_v1/Wireless_Charge/Core/Src/main.c:552:6:State_Full	3
E:/claude_work/Wireless_Charge_Full/Wireless_Charge_v1/Wireless_Charge/Core/Src/main.c:576:6:State_Error	2
E:/claude_work/Wireless_Charge_Full/Wireless_Charge_v1/Wireless_Charge/Core/Src/main.c:593:6:StateMachine_Run	6
E:/claude_work/Wireless_Charge_Full/Wireless_Charge_v1/Wireless_Charge/Core/Src/main.c:612:5:main	1
E:/claude_work/Wireless_Charge_Full/Wireless_Charge_v1/Wireless_Charge/Core/Src/main.c:648:6:SystemClock_Config	4
E:/claude_work/Wireless_Charge_Full/Wireless_Charge_v1/Wireless_Charge/Core/Src/main.c:684:6:HAL_SYSTICK_Callback	1
E:/claude_work/Wireless_Charge_Full/Wireless_Charge_v1/Wireless_Charge/Core/Src/main.c:694:6:HAL_GPIO_EXTI_Callback	3
E:/claude_work/Wireless_Charge_Full/Wireless_Charge_v1/Wireless_Charge/Core/Src/main.c:708:6:Error_Handler	1
