E:/claude_work/Wireless_Charge_Full/Wireless_Charge_v1/Wireless_Charge/Core/Src/stm32f1xx_it.c:67:6:NMI_Handler	4	static
E:/claude_work/Wireless_Charge_Full/Wireless_Charge_v1/Wireless_Charge/Core/Src/stm32f1xx_it.c:82:6:HardFault_Handler	4	static
E:/claude_work/Wireless_Charge_Full/Wireless_Charge_v1/Wireless_Charge/Core/Src/stm32f1xx_it.c:97:6:MemManage_Handler	4	static
E:/claude_work/Wireless_Charge_Full/Wireless_Charge_v1/Wireless_Charge/Core/Src/stm32f1xx_it.c:112:6:BusFault_Handler	4	static
E:/claude_work/Wireless_Charge_Full/Wireless_Charge_v1/Wireless_Charge/Core/Src/stm32f1xx_it.c:127:6:UsageFault_Handler	4	static
E:/claude_work/Wireless_Charge_Full/Wireless_Charge_v1/Wireless_Charge/Core/Src/stm32f1xx_it.c:142:6:SVC_Handler	4	static
E:/claude_work/Wireless_Charge_Full/Wireless_Charge_v1/Wireless_Charge/Core/Src/stm32f1xx_it.c:155:6:DebugMon_Handler	4	static
E:/claude_work/Wireless_Charge_Full/Wireless_Charge_v1/Wireless_Charge/Core/Src/stm32f1xx_it.c:168:6:PendSV_Handler	4	static
E:/claude_work/Wireless_Charge_Full/Wireless_Charge_v1/Wireless_Charge/Core/Src/stm32f1xx_it.c:183:6:SysTick_Handler	8	static
E:/claude_work/Wireless_Charge_Full/Wireless_Charge_v1/Wireless_Charge/Core/Src/stm32f1xx_it.c:200:6:EXTI4_IRQHandler	8	static
E:/claude_work/Wireless_Charge_Full/Wireless_Charge_v1/Wireless_Charge/Core/Src/stm32f1xx_it.c:209:6:USART1_IRQHandler	8	static
